WARNING: The following configs were expanded more than once: [remote, buildbuddy-official]. For repeatable flags, repeats are counted twice and may lead to unexpected behavior.
INFO: Invocation ID: b35dde0b-bbed-4f7b-96c1-e70869b8d376
INFO: Streaming build results to: https://onehumancorp.buildbuddy.io/invocation/b35dde0b-bbed-4f7b-96c1-e70869b8d376
INFO: Options provided by the client:
  Inherited 'common' options: --isatty=0 --terminal_columns=80
INFO: Reading rc options for 'coverage' from /app/.bazelrc:
  Inherited 'build' options: --config=remote --disk_cache=~/.cache/bazel-disk-cache --action_env=CGO_ENABLED=1 --spawn_strategy=sandboxed,local --incompatible_strict_action_env --announce_rc --action_env=GEMINI_API_KEY --action_env=MCP_BUNDLE_DIR --action_env=CI
INFO: Reading rc options for 'coverage' from /app/.bazelrc:
  Inherited 'test' options: --config=remote --test_output=errors --build_tests_only --test_timeout=300,600,900,1800 --test_env=GEMINI_API_KEY --test_env=MCP_BUNDLE_DIR --test_env=CI --test_env=HOME --test_env=MCPANY_DEBUG --test_env=MCPANY_DANGEROUS_ALLOW_LOCAL_IPS --test_env=PATH --local_test_jobs=1
INFO: Found applicable config definition build:remote in file /app/.bazelrc: --remote_download_all --config=buildbuddy-official --jobs=1 --local_resources=memory=2048 --local_resources=cpu=1
INFO: Found applicable config definition common:buildbuddy-official in file /app/.bazelrc: --remote_cache=grpcs://onehumancorp.buildbuddy.io --remote_upload_local_results --remote_timeout=10m --remote_executor=grpcs://onehumancorp.buildbuddy.io --remote_cache_compression --jobs=200 --remote_local_fallback --remote_header=x-buildbuddy-api-key=vGFjlQg7X49NwoQHAfRW
INFO: Found applicable config definition build:buildbuddy-official in file /app/.bazelrc: --bes_results_url=https://onehumancorp.buildbuddy.io/invocation/ --bes_backend=grpcs://onehumancorp.buildbuddy.io
INFO: Found applicable config definition test:remote in file /app/.bazelrc: --local_test_jobs=1
INFO: Found applicable config definition build:remote in file /app/.bazelrc: --remote_download_all --config=buildbuddy-official --jobs=1 --local_resources=memory=2048 --local_resources=cpu=1
INFO: Found applicable config definition common:buildbuddy-official in file /app/.bazelrc: --remote_cache=grpcs://onehumancorp.buildbuddy.io --remote_upload_local_results --remote_timeout=10m --remote_executor=grpcs://onehumancorp.buildbuddy.io --remote_cache_compression --jobs=200 --remote_local_fallback --remote_header=x-buildbuddy-api-key=vGFjlQg7X49NwoQHAfRW
INFO: Found applicable config definition build:buildbuddy-official in file /app/.bazelrc: --bes_results_url=https://onehumancorp.buildbuddy.io/invocation/ --bes_backend=grpcs://onehumancorp.buildbuddy.io
INFO: Found applicable config definition test:remote in file /app/.bazelrc: --local_test_jobs=1
WARNING: --remote_upload_local_results is set, but the remote cache does not support uploading action results or the current account is not authorized to write local results to the remote cache.
Computing main repo mapping:
Loading:
Loading: 0 packages loaded
WARNING: Build option --instrumentation_filter has changed, discarding analysis cache (this can be expensive, see https://bazel.build/advanced/performance/iteration-speed).
Analyzing: target //server/pkg/upstream/http:http_test (1 packages loaded, 0 targets configured)
Analyzing: target //server/pkg/upstream/http:http_test (1 packages loaded, 0 targets configured)

Analyzing: target //server/pkg/upstream/http:http_test (7 packages loaded, 5483 targets configured)

INFO: Analyzed target //server/pkg/upstream/http:http_test (9 packages loaded, 6586 targets configured, 31 aspect applications).
[722 / 757] [Prepa] GoCompilePkg server/pkg/util/schemaconv/schemaconv.a
[749 / 757] GoCompilePkg server/pkg/tool/tool.a; 0s disk-cache, remote-cache, linux-sandbox
[750 / 757] [Prepa] GoCompilePkg server/pkg/resource/resource.a
[752 / 757] GoCompilePkg server/pkg/upstream/http/http_test.internal.a; 1s disk-cache, remote-cache, linux-sandbox
[755 / 757] GoLink server/pkg/upstream/http/http_test_/http_test; 0s disk-cache, remote-cache, linux-sandbox
[756 / 757] [Prepa] runfiles for //server/pkg/upstream/http:http_test
[772 / 773] Testing //server/pkg/upstream/http:http_test; 1s disk-cache, remote-cache, linux-sandbox
[772 / 773] Testing //server/pkg/upstream/http:http_test; 11s disk-cache, remote-cache, linux-sandbox
[772 / 773] 1 / 1 tests; Testing //server/pkg/upstream/http:http_test; 38s disk-cache, remote-cache, linux-sandbox
INFO: LCOV coverage report is located at /home/jules/.cache/bazel/_bazel_jules/8c069df52082beee3c95ca17836fb8e2/execroot/_main/bazel-out/_coverage/_baseline_report.dat
 and execpath is bazel-out/_coverage/_baseline_report.dat
INFO: LCOV coverage report is located at /home/jules/.cache/bazel/_bazel_jules/8c069df52082beee3c95ca17836fb8e2/execroot/_main/bazel-out/_coverage/_coverage_report.dat
 and execpath is bazel-out/_coverage/_coverage_report.dat
INFO: Found 1 test target...
Target //server/pkg/upstream/http:http_test up-to-date:
  bazel-bin/server/pkg/upstream/http/http_test_/http_test
INFO: Elapsed time: 50.173s, Critical Path: 45.91s
INFO: 19 processes: 759 action cache hit, 6 internal, 13 linux-sandbox.
INFO: Build completed successfully, 19 total actions
INFO:
//server/pkg/upstream/http:http_test                                     PASSED in 38.3s
  /home/jules/.cache/bazel/_bazel_jules/8c069df52082beee3c95ca17836fb8e2/execroot/_main/bazel-out/k8-fastbuild/testlogs/server/pkg/upstream/http/http_test/coverage.dat

Executed 1 out of 1 test: 1 test passes.
INFO: Streaming build results to: https://onehumancorp.buildbuddy.io/invocation/b35dde0b-bbed-4f7b-96c1-e70869b8d376
