WARNING: The following configs were expanded more than once: [remote, buildbuddy-official]. For repeatable flags, repeats are counted twice and may lead to unexpected behavior.
INFO: Invocation ID: 5113cfe6-f5ed-442e-8114-07f5e5124191
INFO: Streaming build results to: https://onehumancorp.buildbuddy.io/invocation/5113cfe6-f5ed-442e-8114-07f5e5124191
INFO: Options provided by the client:
  Inherited 'common' options: --isatty=0 --terminal_columns=80
INFO: Reading rc options for 'coverage' from /app/.bazelrc:
  Inherited 'build' options: --config=remote --disk_cache=~/.cache/bazel-disk-cache --action_env=CGO_ENABLED=1 --spawn_strategy=sandboxed,local --incompatible_strict_action_env --announce_rc --action_env=GEMINI_API_KEY --action_env=MCP_BUNDLE_DIR --action_env=CI
INFO: Reading rc options for 'coverage' from /app/.bazelrc:
  Inherited 'test' options: --config=remote --test_output=errors --build_tests_only --test_timeout=300,600,900,1800 --test_env=GEMINI_API_KEY --test_env=MCP_BUNDLE_DIR --test_env=CI --test_env=HOME --test_env=MCPANY_DEBUG --test_env=MCPANY_DANGEROUS_ALLOW_LOCAL_IPS --test_env=PATH --local_test_jobs=1
INFO: Found applicable config definition build:remote in file /app/.bazelrc: --remote_download_all --config=buildbuddy-official --jobs=1 --local_resources=memory=2048 --local_resources=cpu=1
INFO: Found applicable config definition common:buildbuddy-official in file /app/.bazelrc: --remote_cache=grpcs://onehumancorp.buildbuddy.io --remote_upload_local_results --remote_timeout=10m --remote_executor=grpcs://onehumancorp.buildbuddy.io --remote_cache_compression --jobs=200 --remote_local_fallback --remote_header=x-buildbuddy-api-key=vGFjlQg7X49NwoQHAfRW
INFO: Found applicable config definition build:buildbuddy-official in file /app/.bazelrc: --bes_results_url=https://onehumancorp.buildbuddy.io/invocation/ --bes_backend=grpcs://onehumancorp.buildbuddy.io
INFO: Found applicable config definition test:remote in file /app/.bazelrc: --local_test_jobs=1
INFO: Found applicable config definition build:remote in file /app/.bazelrc: --remote_download_all --config=buildbuddy-official --jobs=1 --local_resources=memory=2048 --local_resources=cpu=1
INFO: Found applicable config definition common:buildbuddy-official in file /app/.bazelrc: --remote_cache=grpcs://onehumancorp.buildbuddy.io --remote_upload_local_results --remote_timeout=10m --remote_executor=grpcs://onehumancorp.buildbuddy.io --remote_cache_compression --jobs=200 --remote_local_fallback --remote_header=x-buildbuddy-api-key=vGFjlQg7X49NwoQHAfRW
INFO: Found applicable config definition build:buildbuddy-official in file /app/.bazelrc: --bes_results_url=https://onehumancorp.buildbuddy.io/invocation/ --bes_backend=grpcs://onehumancorp.buildbuddy.io
INFO: Found applicable config definition test:remote in file /app/.bazelrc: --local_test_jobs=1
WARNING: --remote_upload_local_results is set, but the remote cache does not support uploading action results or the current account is not authorized to write local results to the remote cache.
Computing main repo mapping:
Loading:
Loading: 0 packages loaded
INFO: Using default value for --instrumentation_filter: "^//server/pkg/tool[/:]".
INFO: Override the above default with --instrumentation_filter
WARNING: Build option --instrumentation_filter has changed, discarding analysis cache (this can be expensive, see https://bazel.build/advanced/performance/iteration-speed).
Analyzing: target //server/pkg/tool:tool_test (0 packages loaded, 0 targets configured)
Analyzing: target //server/pkg/tool:tool_test (0 packages loaded, 0 targets configured)

Analyzing: target //server/pkg/tool:tool_test (101 packages loaded, 479 targets configured)

WARNING: /app/MODULE.bazel:29:24: The module extension go_deps defined in @gazelle//:extensions.bzl reported incorrect imports of repositories via use_repo():

Imported, but reported as indirect dependencies by the extension:
    io_k8s_api, io_k8s_apimachinery, io_k8s_sigs_controller_runtime, org_golang_google_genproto_googleapis_api

Fix the use_repo calls by running 'bazel mod tidy'.
Analyzing: target //server/pkg/tool:tool_test (158 packages loaded, 4645 targets configured)

Analyzing: target //server/pkg/tool:tool_test (234 packages loaded, 11008 targets configured)

Analyzing: target //server/pkg/tool:tool_test (359 packages loaded, 12066 targets configured)

Analyzing: target //server/pkg/tool:tool_test (577 packages loaded, 14844 targets configured)

Analyzing: target //server/pkg/tool:tool_test (758 packages loaded, 15824 targets configured)

Analyzing: target //server/pkg/tool:tool_test (821 packages loaded, 21317 targets configured, 29 aspect applications)

INFO: Analyzed target //server/pkg/tool:tool_test (839 packages loaded, 26415 targets configured, 31 aspect applications).
[156 / 759] checking cached actions
[509 / 759] GoCompilePkg server/pkg/metrics/metrics.a; 0s disk-cache, remote-cache, linux-sandbox
[660 / 759] GoCompilePkg server/pkg/util/util.a; 0s disk-cache, remote-cache, linux-sandbox
[671 / 759] [Prepa] GoCompilePkg server/pkg/bus/kafka/kafka.a
[683 / 759] GoCompilePkg server/pkg/pool/pool.a; 0s disk-cache
[754 / 759] [Prepa] GoCompilePkg server/pkg/tool/tool_test.internal.a
[754 / 759] GoCompilePkg server/pkg/tool/tool_test.internal.a; 1s disk-cache, remote-cache, linux-sandbox
[755 / 759] [Prepa] GoCompilePkgExternal server/pkg/tool/tool_test_test.external.a
[756 / 759] [Prepa] GoCompilePkg server/pkg/tool/tool_test~testmain.a
[757 / 759] GoLink server/pkg/tool/tool_test_/tool_test; 1s disk-cache, remote-cache, linux-sandbox
[758 / 759] [Prepa] runfiles for //server/pkg/tool:tool_test
[774 / 775] Testing //server/pkg/tool:tool_test; 0s disk-cache, remote-cache, linux-sandbox
[774 / 775] 1 / 1 tests; Testing //server/pkg/tool:tool_test; 5s disk-cache, remote-cache, linux-sandbox
INFO: LCOV coverage report is located at /home/jules/.cache/bazel/_bazel_jules/8c069df52082beee3c95ca17836fb8e2/execroot/_main/bazel-out/_coverage/_coverage_report.dat
 and execpath is bazel-out/_coverage/_coverage_report.dat
INFO: LCOV coverage report is located at /home/jules/.cache/bazel/_bazel_jules/8c069df52082beee3c95ca17836fb8e2/execroot/_main/bazel-out/_coverage/_baseline_report.dat
 and execpath is bazel-out/_coverage/_baseline_report.dat
INFO: Found 1 test target...
Target //server/pkg/tool:tool_test up-to-date:
  bazel-bin/server/pkg/tool/tool_test_/tool_test
INFO: Elapsed time: 28.818s, Critical Path: 15.68s
INFO: 33 processes: 748 action cache hit, 7 internal, 26 linux-sandbox.
INFO: Build completed successfully, 33 total actions
INFO:
//server/pkg/tool:tool_test                                              PASSED in 5.2s
  /home/jules/.cache/bazel/_bazel_jules/8c069df52082beee3c95ca17836fb8e2/execroot/_main/bazel-out/k8-fastbuild/testlogs/server/pkg/tool/tool_test/coverage.dat

Executed 1 out of 1 test: 1 test passes.
There were tests whose specified size is too big. Use the --test_verbose_timeout_warnings command line option to see which ones these are.
INFO: Streaming build results to: https://onehumancorp.buildbuddy.io/invocation/5113cfe6-f5ed-442e-8114-07f5e5124191
