WARNING: The following configs were expanded more than once: [remote, buildbuddy-official]. For repeatable flags, repeats are counted twice and may lead to unexpected behavior.
INFO: Invocation ID: 080f6a6c-3239-4d2b-80a2-f83b88891b14
INFO: Streaming build results to: https://onehumancorp.buildbuddy.io/invocation/080f6a6c-3239-4d2b-80a2-f83b88891b14
INFO: Options provided by the client:
  Inherited 'common' options: --isatty=0 --terminal_columns=80
INFO: Reading rc options for 'coverage' from /app/.bazelrc:
  Inherited 'build' options: --config=remote --disk_cache=~/.cache/bazel-disk-cache --action_env=CGO_ENABLED=1 --spawn_strategy=sandboxed,local --incompatible_strict_action_env --announce_rc --action_env=GEMINI_API_KEY --action_env=MCP_BUNDLE_DIR --action_env=CI
INFO: Reading rc options for 'coverage' from /app/.bazelrc:
  Inherited 'test' options: --config=remote --test_output=errors --build_tests_only --test_timeout=300,600,900,1800 --test_env=GEMINI_API_KEY --test_env=MCP_BUNDLE_DIR --test_env=CI --test_env=HOME --test_env=MCPANY_DEBUG --test_env=MCPANY_DANGEROUS_ALLOW_LOCAL_IPS --test_env=PATH --local_test_jobs=1
INFO: Found applicable config definition build:remote in file /app/.bazelrc: --remote_download_all --config=buildbuddy-official --jobs=1 --local_resources=memory=2048 --local_resources=cpu=1
INFO: Found applicable config definition common:buildbuddy-official in file /app/.bazelrc: --remote_cache=grpcs://onehumancorp.buildbuddy.io --remote_upload_local_results --remote_timeout=10m --remote_executor=grpcs://onehumancorp.buildbuddy.io --remote_cache_compression --jobs=200 --remote_local_fallback --remote_header=x-buildbuddy-api-key=vGFjlQg7X49NwoQHAfRW
INFO: Found applicable config definition build:buildbuddy-official in file /app/.bazelrc: --bes_results_url=https://onehumancorp.buildbuddy.io/invocation/ --bes_backend=grpcs://onehumancorp.buildbuddy.io
INFO: Found applicable config definition test:remote in file /app/.bazelrc: --local_test_jobs=1
INFO: Found applicable config definition build:remote in file /app/.bazelrc: --remote_download_all --config=buildbuddy-official --jobs=1 --local_resources=memory=2048 --local_resources=cpu=1
INFO: Found applicable config definition common:buildbuddy-official in file /app/.bazelrc: --remote_cache=grpcs://onehumancorp.buildbuddy.io --remote_upload_local_results --remote_timeout=10m --remote_executor=grpcs://onehumancorp.buildbuddy.io --remote_cache_compression --jobs=200 --remote_local_fallback --remote_header=x-buildbuddy-api-key=vGFjlQg7X49NwoQHAfRW
INFO: Found applicable config definition build:buildbuddy-official in file /app/.bazelrc: --bes_results_url=https://onehumancorp.buildbuddy.io/invocation/ --bes_backend=grpcs://onehumancorp.buildbuddy.io
INFO: Found applicable config definition test:remote in file /app/.bazelrc: --local_test_jobs=1
WARNING: --remote_upload_local_results is set, but the remote cache does not support uploading action results or the current account is not authorized to write local results to the remote cache.
Computing main repo mapping:
Loading:
Loading: 0 packages loaded
Analyzing: target //server/pkg/tool:tool_test (0 packages loaded, 0 targets configured)
Analyzing: target //server/pkg/tool:tool_test (0 packages loaded, 0 targets configured)

INFO: Analyzed target //server/pkg/tool:tool_test (0 packages loaded, 0 targets configured).
INFO: LCOV coverage report is located at /home/jules/.cache/bazel/_bazel_jules/8c069df52082beee3c95ca17836fb8e2/execroot/_main/bazel-out/_coverage/_coverage_report.dat
 and execpath is bazel-out/_coverage/_coverage_report.dat
INFO: LCOV coverage report is located at /home/jules/.cache/bazel/_bazel_jules/8c069df52082beee3c95ca17836fb8e2/execroot/_main/bazel-out/_coverage/_baseline_report.dat
 and execpath is bazel-out/_coverage/_baseline_report.dat
INFO: Found 1 test target...
Target //server/pkg/tool:tool_test up-to-date:
  bazel-bin/server/pkg/tool/tool_test_/tool_test
INFO: Elapsed time: 0.535s, Critical Path: 0.01s
INFO: 1 process: 5 action cache hit, 1 internal.
INFO: Build completed successfully, 1 total action
INFO:
//server/pkg/tool:tool_test                                     (cached) PASSED in 5.2s
  /home/jules/.cache/bazel/_bazel_jules/8c069df52082beee3c95ca17836fb8e2/execroot/_main/bazel-out/k8-fastbuild/testlogs/server/pkg/tool/tool_test/coverage.dat

Executed 0 out of 1 test: 1 test passes.
There were tests whose specified size is too big. Use the --test_verbose_timeout_warnings command line option to see which ones these are.
INFO: Streaming build results to: https://onehumancorp.buildbuddy.io/invocation/080f6a6c-3239-4d2b-80a2-f83b88891b14
